// Jest Snapshot v1, https://goo.gl/fbAQLP

exports[`generateTypesFromSnapshot generates correct types for blog.json 1`] = `
"export type Posts = {
    id: number;
    title: string;
    content?: string;
    author: Users;
    category?: Categories;
    published_at?: Date;
    tags?: Record<string, any>;
};
export type Categories = {
    id: number;
    name: string;
    description?: string;
};
export interface Schema {
    posts: Posts;
    categories: Categories;
}
"
`;

exports[`generateTypesFromSnapshot generates correct types for complex.yaml 1`] = `
"export type Products = {
    id: string;
    name: string;
    description?: string;
    price: number;
    stock: number;
    image?: Buffer;
    metadata?: Record<string, any>;
    created_at: Date;
    updated_at: Date;
};
export type Orders = {
    id: string;
    customer: Customers;
    status: string;
    items: Record<string, any>;
    total: number;
    created_at: Date;
};
export type Customers = {
    id: string;
    name: string;
    email: string;
    phone?: string;
    address?: Record<string, any>;
    created_at: Date;
};
export interface Schema {
    products: Products;
    orders: Orders;
    customers: Customers;
}
"
`;

exports[`generateTypesFromSnapshot generates correct types for schema.yaml 1`] = `
"export type App_block_richtext = {
    id: string;
    sort?: number;
    user_created?: string;
    date_created?: Date;
    user_updated?: string;
    date_updated?: Date;
    title?: string;
    content?: string;
    status: string;
};
export type App_static_settings = {
    id: string;
    user_created?: string;
    date_created?: Date;
    user_updated?: string;
    date_updated?: Date;
    data_and_privacy: any;
    section_legal: any;
    section_third_party_consent: any;
    section_personal_data_usage: any;
    section_consent_manager: any;
    section_legal_title?: string;
    section_third_party_consent_content?: App_block_richtext;
    section_third_party_consent_title?: string;
    section_personal_data_usage_title?: string;
    section_personal_data_usage_content?: App_block_richtext;
    section_consent_manager_title?: string;
    sharing: any;
    section_socialmedia: any;
    sharing_title?: string;
    section_socialmedia_title?: string;
    data_and_privacy_title?: string;
    support: any;
    support_title?: string;
    section_faqs: any;
    section_fluent_support: any;
    section_faqs_title?: string;
    section_fluent_support_title?: string;
    section_fluent_support_content?: App_block_richtext;
    section_socialmedia_links: any;
    account_settings: any;
    account_settings_title?: string;
    account_settings_browser_notification_title?: string;
    section_measurement_preferences: any;
    section_measurement_preferences_title?: string;
    section_communication_preferences_title?: string;
    section_communication_preferences: any;
    account_settings_browser_notification_content?: string;
    section_legal_terms_title?: string;
    section_legal_privacy_title?: string;
    section_legal_cookie_title?: string;
    section_legal_consent_title?: string;
    section_legal_medadvice_title?: string;
    section_legal_medadvice_content?: string;
    section_legal_privacy_content?: string;
    section_legal_cookie_content?: string;
    section_legal_consent_content?: string;
    section_legal_terms_content?: string;
};
export type App_static_settings_socialmedia_links = {
    id: number;
    app_static_settings_id?: string;
    socialmedia_links_id?: string;
    sort?: number;
};
export type Article_sources = {
    id: string;
    user_created?: string;
    date_created?: Date;
    user_updated?: string;
    date_updated?: Date;
    article_source_title?: string;
    article_source_link?: string;
    article_source_publish_date?: Date;
    article_source_primary?: boolean;
};
export type Articles = {
    id: string;
    status: string;
    sort?: number;
    user_created?: string;
    date_created?: Date;
    user_updated?: string;
    date_updated?: Date;
    article_title?: string;
    article_hero_image?: string;
    article_blocks: any;
    article_additional_information: any;
    article_reviewer?: Medical_reviewer;
    article_tags?: Record<string, any>;
    article_topics: any;
    dashboard_cards: any;
    article_cards: any;
    web_cards: any;
    story_cards: any;
    primary_topic?: Topics;
    secondary_topics: any;
    article_type?: string;
    blog: any;
    article_reading_time?: string;
    slug?: string;
    article_teaser?: string;
    article_blocks_blog: any;
    article_publish_date?: Date;
    article_author?: Authors;
    page_metadata?: Website_page_metadata;
    article_content: any;
    article_fh_recommends?: boolean;
    blog_featured?: boolean;
    sync: any;
    prismic_id?: string;
    article_sources?: Record<string, any>;
    article_views?: number;
    other_topics: any;
    article_stories: any;
    article_deeplink?: string;
};
export type Articles_article_blocks = {
    id: number;
    articles_id?: string;
    item?: string;
    collection?: string;
    sort?: number;
};
export type Articles_article_blocks_blog = {
    id: number;
    articles_id?: string;
    item?: string;
    collection?: string;
    sort?: number;
};
export type Articles_article_sources = {
    id: number;
    articles_id?: string;
    article_sources_id?: string;
};
export type Articles_article_sources_1 = {
    id: number;
    articles_id?: string;
    article_sources_id?: string;
};
export type Articles_articles_cards_dashboard = {
    id: number;
    articles_id?: string;
    articles_cards_dashboard_id?: number;
    sort?: number;
};
export type Articles_articles_cards_story = {
    id: number;
    articles_id?: string;
    articles_cards_story_id?: number;
    sort?: number;
};
export type Articles_articles_cards_web = {
    id: number;
    articles_id?: string;
    articles_cards_web_id?: number;
    sort?: number;
};
export type Articles_block_breaker_text = {
    id: number;
    articles_id?: string;
    block_breaker_text_id?: number;
};
export type Articles_cards_dashboard = {
    id: number;
    status: string;
    user_created?: string;
    date_created?: Date;
    user_updated?: string;
    date_updated?: Date;
    design?: string;
    title?: string;
    image?: string;
};
export type Articles_cards_story = {
    id: number;
    status: string;
    user_created?: string;
    date_created?: Date;
    user_updated?: string;
    date_updated?: Date;
    design?: string;
    title?: string;
    subtitle?: string;
    paragraph?: string;
    image?: string;
    quote_author?: string;
    quote_author_title?: string;
};
export type Articles_cards_web = {
    id: number;
    status: string;
    user_created?: string;
    date_created?: Date;
    user_updated?: string;
    date_updated?: Date;
    design?: string;
    title?: string;
    paragraph?: string;
    subtitle?: string;
    image?: string;
};
export type Articles_stories = {
    id: string;
    status: string;
    sort?: number;
    user_created?: string;
    date_created?: Date;
    user_updated?: string;
    date_updated?: Date;
    divider-4vg96k: any;
    divider-du_ncs: any;
    divider-ponjs9: any;
    dashboard_card_design?: string;
    dashboard_card_title?: string;
    dashboard_card_image?: string;
    story_card_design?: string;
    story_card_title?: string;
    story_card_subtitle?: string;
    story_card_paragraph?: string;
    story_card_quote_author?: string;
    story_card_quote_author_title?: string;
    story_card_image?: string;
    web_card_design?: string;
    web_card_title?: string;
    web_card_subtitle?: string;
    web_card_paragraph?: string;
    web_card_image?: string;
    fk_articles?: string;
};
export type Articles_topics = {
    id: number;
    articles_id?: string;
    topics_id?: string;
};
export type Articles_topics_1 = {
    id: number;
    articles_id?: string;
    topics_id?: string;
};
export type Authors = {
    id: string;
    status: string;
    user_created?: string;
    date_created?: Date;
    user_updated?: string;
    date_updated?: Date;
    author_name?: string;
    author_title?: string;
    author_bio?: string;
    author_location?: string;
    author_email?: string;
    author_linkedin?: string;
    author_image?: string;
    slug?: string;
    sync: any;
    prismic_id?: string;
};
export type Block_breaker_image = {
    id: number;
    user_created?: string;
    date_created?: Date;
    user_updated?: string;
    date_updated?: Date;
    image?: string;
    image_caption?: string;
    image_alt?: string;
};
export type Block_breaker_list = {
    id: number;
    user_created?: string;
    date_created?: Date;
    user_updated?: string;
    date_updated?: Date;
    title?: string;
    content?: string;
    list_items?: Record<string, any>;
    list_type?: string;
};
export type Block_breaker_quicktip = {
    id: number;
    user_created?: string;
    date_created?: Date;
    user_updated?: string;
    date_updated?: Date;
    title?: string;
    paragraph?: string;
};
export type Block_breaker_quote = {
    id: number;
    user_created?: string;
    date_created?: Date;
    user_updated?: string;
    date_updated?: Date;
    name?: string;
    content?: string;
    academic_title?: string;
};
export type Block_breaker_stats = {
    id: number;
    user_created?: string;
    date_created?: Date;
    user_updated?: string;
    date_updated?: Date;
    statistic?: string;
    content?: string;
    illustration?: string;
};
export type Block_breaker_text = {
    id: number;
    user_created?: string;
    date_created?: Date;
    user_updated?: string;
    date_updated?: Date;
    content?: string;
};
export type Block_inline_image = {
    id: number;
    user_created?: string;
    date_created?: Date;
    user_updated?: string;
    date_updated?: Date;
    image?: string;
};
export type Block_richtext = {
    id: number;
    user_created?: string;
    date_created?: Date;
    user_updated?: string;
    date_updated?: Date;
    content?: string;
};
export type Block_richtext_blog = {
    id: number;
    user_created?: string;
    date_created?: Date;
    user_updated?: string;
    date_updated?: Date;
    content?: string;
    anchor_title?: string;
    Anchor?: boolean;
};
export type Care_story_card_dashboard = {
    id: string;
    status: string;
    sort?: number;
    user_created?: string;
    date_created?: Date;
    user_updated?: string;
    date_updated?: Date;
    title?: string;
    design?: string;
};
export type Care_story_card_endslate = {
    id: string;
    status: string;
    sort?: number;
    user_created?: string;
    date_created?: Date;
    user_updated?: string;
    date_updated?: Date;
    title?: string;
    paragraph?: string;
    cta_button_label?: string;
    cta_label?: string;
};
export type Care_story_card_openslate = {
    id: string;
    status: string;
    sort?: number;
    user_created?: string;
    date_created?: Date;
    user_updated?: string;
    date_updated?: Date;
    title?: string;
    paragraph?: string;
    cta_button_label?: string;
    cta_type?: string;
    cta_label?: string;
    cta_button_target?: string;
    cta_button_type?: string;
};
export type Care_story_card_questionnaire = {
    id: string;
    status: string;
    sort?: number;
    user_created?: string;
    date_created?: Date;
    user_updated?: string;
    date_updated?: Date;
    emr_questionnaire_identifier?: string;
};
export type Consultation_specialty_areas = {
    id: number;
    sort?: number;
    user_created?: string;
    date_created?: Date;
    user_updated?: string;
    date_updated?: Date;
    tile_icon?: string;
    tile_color?: string;
    tile_description?: string;
    fact_code?: Fact;
};
export type Docapp_settings = {
    id: string;
    status: string;
    user_created?: string;
    date_created?: Date;
    user_updated?: string;
    date_updated?: Date;
    legal: any;
    billing_invoice: any;
    professional_details: any;
    account_information: any;
    legal_title?: string;
    billing_invoice_title?: string;
    legal_content?: string;
    account_information_title?: string;
    professional_details_title?: string;
    professional_details_label_primary_specialisation?: string;
    professional_details_label_registration_number?: string;
    professional_details_label_education_credentials?: string;
    professional_details_label_yoe?: string;
    professional_details_label_about?: string;
    billing_invoice_content_comingsoon?: string;
    billing_invoice_nav_alert?: string;
    account_information_label_first_name?: string;
    account_information_label_last_name?: string;
    account_information_label_dob?: string;
    account_information_label_languages?: string;
    account_information_label_fhemail?: string;
    account_information_label_password?: string;
    account_information_cta_password_url?: string;
    account_information_cta_password_label?: string;
    account_information_cta_cr_label?: string;
    account_information_cta_cr_url?: string;
    professional_details_cta_cr_label?: string;
    professional_details_cta_cr_url?: string;
};
export type Fact = {
    fact_code: string;
    status: string;
    sort?: number;
    user_created?: string;
    date_created?: Date;
    user_updated?: string;
    date_updated?: Date;
    fact_display?: string;
    fact_system: string;
    emr_code?: string;
    emr_display?: string;
    emr_system?: string;
    fact_code_hashed?: string;
    fact_id?: string;
    fmh_fact_id?: string;
};
export type Faq_groups = {
    id: string;
    status: string;
    sort?: number;
    user_created?: string;
    date_created?: Date;
    user_updated?: string;
    date_updated?: Date;
    faq_group_title?: string;
    faqs: any;
    faq_group_type?: string;
};
export type Faq_groups_faqs = {
    id: number;
    faq_groups_id?: string;
    faqs_id?: string;
    sort?: number;
};
export type Faqs = {
    id: string;
    status: string;
    sort?: number;
    user_created?: string;
    date_created?: Date;
    user_updated?: string;
    date_updated?: Date;
    question?: string;
    answer?: string;
    image?: string;
    faq_group?: Faq_groups;
};
export type Fluent_team = {
    id: string;
    status: string;
    sort?: number;
    user_created?: string;
    date_created?: Date;
    user_updated?: string;
    date_updated?: Date;
    first_name?: string;
    last_name?: string;
    organizational_unit?: string;
    image?: string;
    linkedin_url?: string;
    bio?: string;
    linkedin_icon?: string;
    background_color?: string;
    designation?: string;
};
export type Language = {
    code: string;
    user_created?: string;
    date_created?: Date;
    user_updated?: string;
    date_updated?: Date;
    display_value?: string;
    language_code?: number;
};
export type Medical_reviewer = {
    id: number;
    user_created?: string;
    date_created?: Date;
    user_updated?: string;
    date_updated?: Date;
    reviewer_name?: string;
    reviewer_qualification?: string;
    reviewer_email?: string;
    reviewer_registration_id?: string;
    reviewer_bio?: string;
    reviewer_specialty?: Fact;
    image?: string;
    yoe_since?: Date;
    status: string;
    practitioner_role?: Record<string, any>;
    qualifications: any;
    languages: any;
};
export type Medical_reviewer_medical_reviewer_qualification = {
    id: number;
    medical_reviewer_id?: number;
    medical_reviewer_qualification_id?: number;
};
export type Medical_reviewer_qualification = {
    id: number;
    user_created?: string;
    date_created?: Date;
    user_updated?: string;
    date_updated?: Date;
    qualification_date?: Date;
    qualification_title?: string;
    qualification_description?: string;
};
export type Open_positions = {
    id: string;
    status: string;
    sort?: number;
    user_created?: string;
    date_created?: Date;
    user_updated?: string;
    date_updated?: Date;
    job_title?: string;
    job_location?: string;
    job_description?: string;
    job_source_id?: string;
};
export type Press_articles = {
    id: string;
    status: string;
    sort?: number;
    user_created?: string;
    date_created?: Date;
    user_updated?: string;
    date_updated?: Date;
    cta_button_icon?: string;
    cta_button_label?: string;
    cta_button_link?: string;
    image?: string;
    teaser?: string;
    title?: string;
};
export type Profile_completion_reference = {
    id: string;
    status: string;
    sort?: number;
    user_created?: string;
    date_created?: Date;
    user_updated?: string;
    date_updated?: Date;
    fhir_resource?: string;
    percentage?: number;
    fhir_resource_id?: string;
    description?: string;
    patient_confirm_na?: boolean;
};
export type Record_story_card_dashboard = {
    id: string;
    status: string;
    sort?: number;
    user_created?: string;
    date_created?: Date;
    user_updated?: string;
    date_updated?: Date;
    design?: string;
    title?: string;
    image?: string;
};
export type Record_story_card_prompt = {
    id: string;
    status: string;
    sort?: number;
    user_created?: string;
    date_created?: Date;
    user_updated?: string;
    date_updated?: Date;
    eyebrow?: string;
    prompt?: string;
    cta_button_label?: string;
    cta_button_target?: string;
    cta_label?: string;
    cta_type?: string;
    cta_target?: string;
};
export type Record_stroy_card_dyk = {
    id: string;
    status: string;
    sort?: number;
    user_created?: string;
    date_created?: Date;
    user_updated?: string;
    date_updated?: Date;
    design?: string;
    eyebrow?: string;
    title?: string;
    paragraph?: string;
    image?: string;
};
export type Socialmedia_links = {
    id: string;
    status: string;
    sort?: number;
    user_created?: string;
    date_created?: Date;
    user_updated?: string;
    date_updated?: Date;
    title?: string;
    link?: string;
    icon_website?: string;
    icon_patapp?: string;
    application?: Record<string, any>;
};
export type Stories = {
    id: string;
    status: string;
    sort?: number;
    user_created?: string;
    date_created?: Date;
    user_updated?: string;
    date_updated?: Date;
    story_type?: string;
    care_story_dashboard_cards: any;
    care_story: any;
    care_story_story_cards: any;
    story_title?: string;
    record_story: any;
    record_story_dashboard_cards: any;
    record_story_story_cards: any;
    story_tag_line?: string;
    fact_codes: any;
    min_age?: number;
    max_age?: number;
    frequency?: number;
    period_start?: Date;
    period_end?: Date;
    fmh_fact_codes: any;
    period: any;
};
export type Stories_care_story_card_dashboard = {
    id: number;
    stories_id?: string;
    care_story_card_dashboard_id?: string;
};
export type Stories_care_story_story_cards = {
    id: number;
    stories_id?: string;
    item?: string;
    collection?: string;
    sort?: number;
};
export type Stories_record_story_card_dashboard = {
    id: number;
    stories_id?: string;
    record_story_card_dashboard_id?: string;
};
export type Stories_record_story_story_cards = {
    id: number;
    stories_id?: string;
    item?: string;
    collection?: string;
    sort?: number;
};
export type Testimonials = {
    id: string;
    status: string;
    sort?: number;
    user_created?: string;
    date_created?: Date;
    user_updated?: string;
    date_updated?: Date;
    content?: string;
    name?: string;
};
export type Topics = {
    id: string;
    status: string;
    user_created?: string;
    date_created?: Date;
    user_updated?: string;
    date_updated?: Date;
    topic_class?: string;
    image?: string;
    teaser?: string;
    description?: string;
    fact_code?: Fact;
    slug?: string;
    subtopics: any;
};
export type Topics_topics = {
    id: number;
    topics_id?: string;
    related_topics_id?: string;
};
export type Torchbearer = {
    id: string;
    status: string;
    sort?: number;
    user_created?: string;
    date_created?: Date;
    user_updated?: string;
    date_updated?: Date;
    path: string;
    target_android?: string;
    target_ios?: string;
    target_webapp?: string;
    querystring_uuid_variable?: string;
};
export type Website_block_carousel = {
    id: string;
    status: string;
    sort?: number;
    user_created?: string;
    date_created?: Date;
    user_updated?: string;
    date_updated?: Date;
    description?: string;
    title?: string;
    slides: any;
    image_background?: string;
    icon_slide_left?: string;
    icon_slide_right?: string;
};
export type Website_block_carousel_slides = {
    id: string;
    status: string;
    sort?: number;
    user_created?: string;
    date_created?: Date;
    user_updated?: string;
    date_updated?: Date;
    image?: string;
    paragraph?: string;
    slide_type?: string;
    title?: string;
    cta_button_link?: string;
    image_mobile?: string;
    cta_button_label?: string;
};
export type Website_block_carousel_website_block_carousel_slides = {
    id: number;
    website_block_carousel_id?: string;
    website_block_carousel_slides_id?: string;
    sort?: number;
};
export type Website_block_faq = {
    id: string;
    user_created?: string;
    date_created?: Date;
    user_updated?: string;
    date_updated?: Date;
    title?: string;
    status: string;
    icon_expand?: string;
    icon_collapse?: string;
    faq_groups: any;
    image_parallax_left?: string;
    image_parallax_right?: string;
    icon_menu_selector?: string;
};
export type Website_block_faq_faq_groups = {
    id: number;
    website_block_faq_id?: string;
    faq_groups_id?: string;
};
export type Website_block_hero = {
    id: string;
    status: string;
    sort?: number;
    user_created?: string;
    date_created?: Date;
    user_updated?: string;
    date_updated?: Date;
    hero_type?: string;
    title?: string;
    paragraph?: string;
    image?: string;
    cta_button_1_label?: string;
    cta_button_1_url?: string;
    cta_button_2_label?: string;
    cta_button_2_url?: string;
    image_background?: string;
    subtitle?: string;
};
export type Website_block_menuitem = {
    id: string;
    status: string;
    sort?: number;
    user_created?: string;
    date_created?: Date;
    user_updated?: string;
    date_updated?: Date;
    cta_title?: string;
    cta_target?: string;
};
export type Website_block_portfolio = {
    id: string;
    status: string;
    sort?: number;
    user_created?: string;
    date_created?: Date;
    user_updated?: string;
    date_updated?: Date;
    portfolio_type?: string;
    title?: string;
    portfolio_item_limit?: number;
    cta_button_label?: string;
    cta_button_url?: string;
    filter?: boolean;
    search_attributes: any;
    paragraph?: string;
    search_box_placeholder?: string;
    search_box_icon?: string;
    search_no_results?: string;
    search_no_results_icon?: string;
    portfolio_no_results?: string;
    portfolio_no_results_icon?: string;
    filter_attributes: any;
    portfolio_attributes: any;
};
export type Website_block_prallax = {
    id: number;
    status: string;
    sort?: number;
    user_created?: string;
    date_created?: Date;
    user_updated?: string;
    date_updated?: Date;
    title?: string;
    image_top_row?: string;
    paragraph_top_row?: string;
    paragraph_bottom_row?: string;
    image_bottom_row?: string;
};
export type Website_block_process = {
    id: string;
    status: string;
    sort?: number;
    user_created?: string;
    date_created?: Date;
    user_updated?: string;
    date_updated?: Date;
    design?: string;
    title?: string;
    paragraph?: string;
    content?: string;
    image_top?: string;
    image_right?: string;
};
export type Website_block_richtext = {
    id: string;
    sort?: number;
    user_created?: string;
    date_created?: Date;
    user_updated?: string;
    date_updated?: Date;
    richtext?: string;
    title?: string;
    status: string;
};
export type Website_block_showcase = {
    id: string;
    status: string;
    sort?: number;
    user_created?: string;
    date_created?: Date;
    user_updated?: string;
    date_updated?: Date;
    title?: string;
    image_background?: string;
    block_type?: string;
    image_background_mobile?: string;
    cta_button_label?: string;
    cta_button_link?: string;
    content: any;
    title_display?: boolean;
};
export type Website_block_showcase_content = {
    id: number;
    website_block_showcase_id?: string;
    item?: string;
    collection?: string;
    sort?: number;
};
export type Website_block_showcase_items = {
    id: string;
    status: string;
    sort?: number;
    user_created?: string;
    date_created?: Date;
    user_updated?: string;
    date_updated?: Date;
    content?: string;
    image?: string;
    title?: string;
    media_embed_code?: string;
};
export type Website_block_teaser = {
    id: string;
    status: string;
    sort?: number;
    user_created?: string;
    date_created?: Date;
    user_updated?: string;
    date_updated?: Date;
    content?: string;
    cta_button_label?: string;
    cta_button_link?: string;
    image?: string;
    image_mask?: string;
    image_mask_mobile?: string;
};
export type Website_block_testimonials = {
    id: string;
    status: string;
    sort?: number;
    user_created?: string;
    date_created?: Date;
    user_updated?: string;
    date_updated?: Date;
    title?: string;
    image_background?: string;
    icon_quote?: string;
    testimonials: any;
};
export type Website_block_testimonials_testimonials = {
    id: number;
    website_block_testimonials_id?: string;
    testimonials_id?: string;
};
export type Website_component_clinically_reviewed = {
    id: string;
    status: string;
    user_created?: string;
    date_created?: Date;
    user_updated?: string;
    date_updated?: Date;
    title?: string;
    content?: string;
    icon_badge?: string;
    icon_close?: string;
    image_background?: string;
};
export type Website_component_delete_account = {
    id: string;
    status: string;
    user_created?: string;
    date_created?: Date;
    user_updated?: string;
    date_updated?: Date;
    slug?: string;
    title?: string;
    paragraph?: string;
    field_input_name_placeholder?: string;
    field_input_name_error?: string;
    field_input_mobile_error?: string;
    field_input_mobile_placeholder?: string;
    field_input_email_placeholder?: string;
    field_input_email_error?: string;
    cta_button_label_cancel?: string;
    cta_button_label_confirm?: string;
    image_background_left?: string;
    image_background_right?: string;
    icon_close?: string;
    icon_success?: string;
    cta_button_success?: string;
};
export type Website_component_early_access = {
    id: string;
    status: string;
    user_created?: string;
    date_created?: Date;
    user_updated?: string;
    date_updated?: Date;
    title?: string;
    paragraph?: string;
    field_input_name_placeholder?: string;
    field_input_email_placeholder?: string;
    field_checkbox_earlyaccess_label?: string;
    field_checkbox_subscribe_label?: string;
    legal_note?: string;
    cta_button_label?: string;
    field_input_name_error?: string;
    field_input_email_error?: string;
    cta_button_success?: string;
    cta_button_error?: string;
    icon_close?: string;
    image_background_left?: string;
    image_background_right?: string;
};
export type Website_component_footer = {
    id: string;
    status: string;
    user_created?: string;
    date_created?: Date;
    user_updated?: string;
    date_updated?: Date;
    logo?: string;
    tag_line: string;
    copyright_line: string;
    socialmedia: any;
    menu_left: any;
    menu_right: any;
    tag_line_newsletter?: string;
    field_input_email_placeholder?: string;
    cta_button_label_newsletter?: string;
    cta_image_ios?: string;
    cta_image_ios_link?: string;
    cta_image_android?: string;
    cta_image_android_link?: string;
};
export type Website_component_footer_menu_left = {
    id: number;
    website_component_footer_id?: string;
    item?: string;
    collection?: string;
    sort?: number;
};
export type Website_component_footer_menu_right = {
    id: number;
    website_component_footer_id?: string;
    item?: string;
    collection?: string;
    sort?: number;
};
export type Website_component_footer_socialmedia_links = {
    id: number;
    website_component_footer_id?: string;
    socialmedia_links_id?: string;
    sort?: number;
};
export type Website_component_menu = {
    id: string;
    status: string;
    user_created?: string;
    date_created?: Date;
    user_updated?: string;
    date_updated?: Date;
    image_logo?: string;
    image_background?: string;
    socialmedia: any;
    icon_expand?: string;
    icon_collapse?: string;
    image_logo_plain?: string;
    tagline?: string;
    icon_back_to_top?: string;
    cta_1_button_label?: string;
    cta_2_button_label?: string;
    cta_2_target?: string;
    cta_1_target?: string;
    menu_items: any;
};
export type Website_component_menu_menu_items = {
    id: number;
    website_component_menu_id?: string;
    item?: string;
    collection?: string;
    sort?: number;
};
export type Website_component_menu_socialmedia = {
    id: number;
    website_component_menu_id?: string;
    item?: string;
    collection?: string;
    sort?: number;
};
export type Website_component_prefooter = {
    id: string;
    status: string;
    sort?: number;
    user_created?: string;
    date_created?: Date;
    user_updated?: string;
    date_updated?: Date;
    title?: string;
    paragraph?: string;
    cta_button_label?: string;
    cta_button_link?: string;
    prefooter_type?: string;
    field_input_email_placeholder?: string;
    legal_note?: string;
    image_background_left?: string;
    image_background_right?: string;
};
export type Website_page_about_us = {
    id: string;
    status: string;
    user_created?: string;
    date_created?: Date;
    user_updated?: string;
    date_updated?: Date;
    page_metadata?: Website_page_metadata;
    content: any;
    prefooter?: Website_component_prefooter;
    title?: string;
    slug?: string;
};
export type Website_page_about_us_content = {
    id: number;
    website_page_about_us_id?: string;
    item?: string;
    collection?: string;
};
export type Website_page_author = {
    id: string;
    status: string;
    user_created?: string;
    date_created?: Date;
    user_updated?: string;
    date_updated?: Date;
    slug?: string;
    page_metadata?: Website_page_metadata;
    title?: string;
    title_articles?: string;
    cta_button_label?: string;
};
export type Website_page_blog = {
    id: string;
    status: string;
    sort?: number;
    user_created?: string;
    date_created?: Date;
    user_updated?: string;
    date_updated?: Date;
    slug?: string;
    title?: string;
    view_tooltip_grid_active?: string;
    view_tooltip_grid_inactive?: string;
    view_tooltip_list_active?: string;
    view_tooltip_list_inactive?: string;
    filter_topics_note?: string;
    cta_button_label?: string;
    prefooter?: Website_component_prefooter;
    blog_article_static_text: any;
    static_author?: string;
    static_reviewer?: string;
    static_cta_share_article?: string;
    static_link_disclaimer_text?: string;
    static_link_disclaimer_url?: string;
    static_title_browse_topics?: string;
    static_title_related_articles?: string;
    static_cta_button_articles_label?: string;
    cta_button_articles_url?: string;
    page_metadata?: Website_page_metadata;
    filter_topics_title?: string;
    filter_types_title?: string;
    filter_types_note?: string;
    filter_cta_more?: string;
    blog_card_read_time?: string;
    hero_featured_articles_image_left?: string;
    hero_featured_articles_image_right?: string;
    blog_hero: any;
    hero_featured_articles_cta_button_label?: string;
    blog_filters: any;
    blog_filter_icon_expand?: string;
    blog_filter_icon_collapse?: string;
    blog_filter_cta_label_reset?: string;
    blog_filter_icon_tag_add?: string;
    blog_filter_icon_tag_remove?: string;
    components: any;
    static_icon_share_article?: string;
    static_cta_button_label_sources_more?: string;
    static_cta_button_label_sources_less?: string;
    static_title_sources?: string;
};
export type Website_page_careers = {
    id: string;
    status: string;
    user_created?: string;
    date_created?: Date;
    user_updated?: string;
    date_updated?: Date;
    slug?: string;
    page_metadata?: Website_page_metadata;
    page_hero?: Website_block_hero;
    title?: string;
    title_listing?: string;
    field_input_search_placeholder?: string;
    field_input_search_icon?: string;
    job_description_static_text: any;
    static_job_description_hero?: Website_block_hero;
    static_title_application_form?: string;
    static_field_input_error?: string;
    static_field_input_firstname_required?: boolean;
    static_field_input_lastname_required?: boolean;
    static_field_input_email_required?: boolean;
    static_field_input_phone_required?: boolean;
    static_field_input_linkedin_required?: boolean;
    static_field_input_upload_resume_required?: boolean;
    static_field_input_firstname_placeholder?: string;
    static_field_input_lastname_placeholder?: string;
    static_field_input_email_placeholder?: string;
    static_field_input_phone_placeholder?: string;
    static_field_input_linkedin_placeholder?: string;
    static_field_input_upload_placeholder?: string;
    static_field_input_nofile_placeholder?: string;
    static_cta_button_label?: string;
    static_cta_success?: string;
    static_cta_error?: string;
};
export type Website_page_contact_us = {
    id: string;
    status: string;
    user_created?: string;
    date_created?: Date;
    user_updated?: string;
    date_updated?: Date;
    page_metadata?: Website_page_metadata;
    prefooter?: Website_component_prefooter;
    contact_form: any;
    title?: string;
    addresses?: string;
    static_title_contact_form?: string;
    static_field_input_error?: string;
    static_field_input_firstname_placeholder?: string;
    static_field_input_firstname_required?: boolean;
    static_field_input_lastname_placeholder?: string;
    static_field_input_lastname_required?: boolean;
    static_field_input_email_placeholder?: string;
    static_field_input_email_required?: boolean;
    static_field_input_phone_placeholder?: string;
    static_field_input_phone_required?: boolean;
    static_cta_error?: string;
    static_field_textarea_message_placeholder?: string;
    static_field_textarea_message_required?: boolean;
    static_cta_button_label?: string;
    static_cta_button_link?: string;
    static_field_textarea_limit?: number;
    slug?: string;
    static_cta_success?: string;
};
export type Website_page_doctor_login = {
    id: string;
    status: string;
    user_created?: string;
    date_created?: Date;
    user_updated?: string;
    date_updated?: Date;
    slug?: string;
    page_metadata?: Website_page_metadata;
    field_label?: string;
    field_placeholder?: string;
    field_icon?: string;
    cta_label?: string;
    cta_error?: string;
    title?: string;
    content?: string;
    image?: string;
    image_background?: string;
    image_mask?: string;
};
export type Website_page_faqs = {
    id: string;
    status: string;
    user_created?: string;
    date_created?: Date;
    user_updated?: string;
    date_updated?: Date;
    title?: string;
    page_metadata?: Website_page_metadata;
    content: any;
    prefooter?: Website_component_prefooter;
};
export type Website_page_faqs_content = {
    id: number;
    website_page_faqs_id?: string;
    item?: string;
    collection?: string;
    sort?: number;
};
export type Website_page_home = {
    id: string;
    status: string;
    user_created?: string;
    date_created?: Date;
    user_updated?: string;
    date_updated?: Date;
    page_metadata?: Website_page_metadata;
    slug?: string;
    title?: string;
    prefooter?: Website_component_prefooter;
    content: any;
};
export type Website_page_home_content = {
    id: number;
    website_page_home_id?: string;
    item?: string;
    collection?: string;
    sort?: number;
};
export type Website_page_legal = {
    id: string;
    status: string;
    user_created?: string;
    date_created?: Date;
    user_updated?: string;
    date_updated?: Date;
    slug?: string;
    content: any;
    title?: string;
    page_metadata?: Website_page_metadata;
};
export type Website_page_legal_content = {
    id: number;
    website_page_legal_id?: string;
    item?: string;
    collection?: string;
};
export type Website_page_medical_reviewer = {
    id: string;
    status: string;
    user_created?: string;
    date_created?: Date;
    user_updated?: string;
    date_updated?: Date;
    title?: string;
    title_articles?: string;
    cta_button_label?: string;
    slug?: string;
    page_metadata?: Website_page_metadata;
};
export type Website_page_metadata = {
    id: string;
    user_created?: string;
    date_created?: Date;
    user_updated?: string;
    date_updated?: Date;
    xml_sitemap_relevant?: boolean;
    sitemap_navigation_element?: boolean;
    page_title: string;
    meta_description?: string;
    meta_keywords?: Record<string, any>;
    meta_robots_tags?: Record<string, any>;
    og_title?: string;
    og_description?: string;
    og_type?: string;
    og_url?: string;
    og_image_alt?: string;
    open_graph: any;
    twitter_site?: string;
    twitter_creator?: string;
    twitter_title?: string;
    twitter_description?: string;
    twitter_image?: string;
    twitter_image_alt?: string;
    twitter: any;
    schemaorg_url?: string;
    schemaorg_name?: string;
    schemaorg_description?: string;
    schemaorg_contact_point_email?: string;
    schemaorg_headline?: string;
    schemaorg_author_name?: string;
    schema_org: any;
    schemaorg_socialmedia_links: any;
    nav_footer_left?: boolean;
    nav_footer_right?: boolean;
    navigation: any;
    nav_main?: boolean;
    sync: any;
    prismic_id?: string;
    og_image?: string;
};
export type Website_page_metadata_website_socialmedia_links = {
    id: number;
    website_page_metadata_id?: string;
};
export type Website_page_our_process = {
    id: string;
    status: string;
    user_created?: string;
    date_created?: Date;
    user_updated?: string;
    date_updated?: Date;
    slug?: string;
    page_metadata?: Website_page_metadata;
    title?: string;
    content: any;
    images_parallax_left: any;
    images_parallax_right: any;
    prefooter?: Website_component_prefooter;
};
export type Website_page_our_process_content = {
    id: number;
    website_page_our_process_id?: string;
    item?: string;
    collection?: string;
    sort?: number;
};
export type Website_page_our_process_files_1 = {
    id: number;
    website_page_our_process_id?: string;
    directus_files_id?: string;
};
export type Website_page_our_process_files_2 = {
    id: number;
    website_page_our_process_id?: string;
    directus_files_id?: string;
};
export type Website_page_press = {
    id: string;
    status: string;
    user_created?: string;
    date_created?: Date;
    user_updated?: string;
    date_updated?: Date;
    title?: string;
    content: any;
    prefooter?: Website_component_prefooter;
    slug?: string;
    page_metadata?: Website_page_metadata;
};
export type Website_page_press_content = {
    id: number;
    website_page_press_id?: string;
    item?: string;
    collection?: string;
};
export type Website_page_privacy_matters = {
    id: string;
    status: string;
    user_created?: string;
    date_created?: Date;
    user_updated?: string;
    date_updated?: Date;
    page_metadata?: Website_page_metadata;
    title?: string;
    content: any;
    prefooter?: Website_component_prefooter;
};
export type Website_page_privacy_matters_content = {
    id: number;
    website_page_privacy_matters_id?: string;
    item?: string;
    collection?: string;
};
export type Website_page_sandbox = {
    id: string;
    status: string;
    user_created?: string;
    date_created?: Date;
    user_updated?: string;
    date_updated?: Date;
    title?: string;
    page_metadata?: Website_page_metadata;
    page_content: any;
    page_prefooter?: Website_component_prefooter;
};
export type Website_page_sandbox_page_content = {
    id: number;
    website_page_sandbox_id?: string;
    item?: string;
    collection?: string;
    sort?: number;
};
export type Website_page_why_we_care = {
    id: string;
    status: string;
    user_created?: string;
    date_created?: Date;
    user_updated?: string;
    date_updated?: Date;
    slug?: string;
    title?: string;
    page_metadata?: Website_page_metadata;
    content: any;
    prefooter?: Website_component_prefooter;
};
export type Website_page_why_we_care_content = {
    id: number;
    website_page_why_we_care_id?: string;
    item?: string;
    collection?: string;
    sort?: number;
};
export interface Schema {
    app_block_richtext: App_block_richtext;
    app_static_settings: App_static_settings;
    app_static_settings_socialmedia_links: App_static_settings_socialmedia_links;
    article_sources: Article_sources;
    articles: Articles;
    articles_article_blocks: Articles_article_blocks;
    articles_article_blocks_blog: Articles_article_blocks_blog;
    articles_article_sources: Articles_article_sources;
    articles_article_sources_1: Articles_article_sources_1;
    articles_articles_cards_dashboard: Articles_articles_cards_dashboard;
    articles_articles_cards_story: Articles_articles_cards_story;
    articles_articles_cards_web: Articles_articles_cards_web;
    articles_block_breaker_text: Articles_block_breaker_text;
    articles_cards_dashboard: Articles_cards_dashboard;
    articles_cards_story: Articles_cards_story;
    articles_cards_web: Articles_cards_web;
    articles_stories: Articles_stories;
    articles_topics: Articles_topics;
    articles_topics_1: Articles_topics_1;
    authors: Authors;
    block_breaker_image: Block_breaker_image;
    block_breaker_list: Block_breaker_list;
    block_breaker_quicktip: Block_breaker_quicktip;
    block_breaker_quote: Block_breaker_quote;
    block_breaker_stats: Block_breaker_stats;
    block_breaker_text: Block_breaker_text;
    block_inline_image: Block_inline_image;
    block_richtext: Block_richtext;
    block_richtext_blog: Block_richtext_blog;
    care_story_card_dashboard: Care_story_card_dashboard;
    care_story_card_endslate: Care_story_card_endslate;
    care_story_card_openslate: Care_story_card_openslate;
    care_story_card_questionnaire: Care_story_card_questionnaire;
    consultation_specialty_areas: Consultation_specialty_areas;
    docapp_settings: Docapp_settings;
    fact: Fact;
    faq_groups: Faq_groups;
    faq_groups_faqs: Faq_groups_faqs;
    faqs: Faqs;
    fluent_team: Fluent_team;
    language: Language;
    medical_reviewer: Medical_reviewer;
    medical_reviewer_medical_reviewer_qualification: Medical_reviewer_medical_reviewer_qualification;
    medical_reviewer_qualification: Medical_reviewer_qualification;
    open_positions: Open_positions;
    press_articles: Press_articles;
    profile_completion_reference: Profile_completion_reference;
    record_story_card_dashboard: Record_story_card_dashboard;
    record_story_card_prompt: Record_story_card_prompt;
    record_stroy_card_dyk: Record_stroy_card_dyk;
    socialmedia_links: Socialmedia_links;
    stories: Stories;
    stories_care_story_card_dashboard: Stories_care_story_card_dashboard;
    stories_care_story_story_cards: Stories_care_story_story_cards;
    stories_record_story_card_dashboard: Stories_record_story_card_dashboard;
    stories_record_story_story_cards: Stories_record_story_story_cards;
    testimonials: Testimonials;
    topics: Topics;
    topics_topics: Topics_topics;
    torchbearer: Torchbearer;
    website_block_carousel: Website_block_carousel;
    website_block_carousel_slides: Website_block_carousel_slides;
    website_block_carousel_website_block_carousel_slides: Website_block_carousel_website_block_carousel_slides;
    website_block_faq: Website_block_faq;
    website_block_faq_faq_groups: Website_block_faq_faq_groups;
    website_block_hero: Website_block_hero;
    website_block_menuitem: Website_block_menuitem;
    website_block_portfolio: Website_block_portfolio;
    website_block_prallax: Website_block_prallax;
    website_block_process: Website_block_process;
    website_block_richtext: Website_block_richtext;
    website_block_showcase: Website_block_showcase;
    website_block_showcase_content: Website_block_showcase_content;
    website_block_showcase_items: Website_block_showcase_items;
    website_block_teaser: Website_block_teaser;
    website_block_testimonials: Website_block_testimonials;
    website_block_testimonials_testimonials: Website_block_testimonials_testimonials;
    website_component_clinically_reviewed: Website_component_clinically_reviewed;
    website_component_delete_account: Website_component_delete_account;
    website_component_early_access: Website_component_early_access;
    website_component_footer: Website_component_footer;
    website_component_footer_menu_left: Website_component_footer_menu_left;
    website_component_footer_menu_right: Website_component_footer_menu_right;
    website_component_footer_socialmedia_links: Website_component_footer_socialmedia_links;
    website_component_menu: Website_component_menu;
    website_component_menu_menu_items: Website_component_menu_menu_items;
    website_component_menu_socialmedia: Website_component_menu_socialmedia;
    website_component_prefooter: Website_component_prefooter;
    website_page_about_us: Website_page_about_us;
    website_page_about_us_content: Website_page_about_us_content;
    website_page_author: Website_page_author;
    website_page_blog: Website_page_blog;
    website_page_careers: Website_page_careers;
    website_page_contact_us: Website_page_contact_us;
    website_page_doctor_login: Website_page_doctor_login;
    website_page_faqs: Website_page_faqs;
    website_page_faqs_content: Website_page_faqs_content;
    website_page_home: Website_page_home;
    website_page_home_content: Website_page_home_content;
    website_page_legal: Website_page_legal;
    website_page_legal_content: Website_page_legal_content;
    website_page_medical_reviewer: Website_page_medical_reviewer;
    website_page_metadata: Website_page_metadata;
    website_page_metadata_website_socialmedia_links: Website_page_metadata_website_socialmedia_links;
    website_page_our_process: Website_page_our_process;
    website_page_our_process_content: Website_page_our_process_content;
    website_page_our_process_files_1: Website_page_our_process_files_1;
    website_page_our_process_files_2: Website_page_our_process_files_2;
    website_page_press: Website_page_press;
    website_page_press_content: Website_page_press_content;
    website_page_privacy_matters: Website_page_privacy_matters;
    website_page_privacy_matters_content: Website_page_privacy_matters_content;
    website_page_sandbox: Website_page_sandbox;
    website_page_sandbox_page_content: Website_page_sandbox_page_content;
    website_page_why_we_care: Website_page_why_we_care;
    website_page_why_we_care_content: Website_page_why_we_care_content;
}
"
`;

exports[`generateTypesFromSnapshot generates correct types for users.yaml 1`] = `
"export type Users = {
    id: number;
    email: string;
    first_name?: string;
    last_name?: string;
    role: string;
    created_at: Date;
    preferences?: Record<string, any>;
};
export interface Schema {
    users: Users;
}
"
`;
